
> routeit@0.0.0 build
> tsc -b && vite build

src/pages/AdminItinerary.tsx(425,6): error TS17008: JSX element 'div' has no corresponding closing tag.
src/pages/AdminItinerary.tsx(1016,13): error TS2657: JSX expressions must have one parent element.
src/pages/AdminItinerary.tsx(1305,12): error TS1381: Unexpected token. Did you mean `{'}'}` or `&rbrace;`?
src/pages/AdminItinerary.tsx(1323,7): error TS1005: ')' expected.
src/pages/AdminItinerary.tsx(1327,1): error TS1381: Unexpected token. Did you mean `{'}'}` or `&rbrace;`?
src/pages/AdminItinerary.tsx(1331,1): error TS1005: '</' expected.
